// Jest Snapshot v1, https://goo.gl/fbAQLP

exports[`displayPlan should show automatically fixable plans correctly 1`] = `
Array [
  Array [
    "  * [1m[1m[33m[FIX_AUTOMATIC][39m[1m .prettierignore[22m",
  ],
  Array [
    "    [33mâœ•[39m practice:prettier.best-practice [90m(fix:appliable)[39m",
  ],
  Array [
    "      [32m- Expected toEqual[39m
      [31m+ Received[39m

      [32m- *.md[39m
      [31m+ .js[39m
",
    "
",
  ],
]
`;

exports[`displayPlan should show failing bad practice correctly 1`] = `
Array [
  Array [
    "  * [1m[1m[31m[FIX_MANUAL][39m[1m package.json[22m",
  ],
  Array [
    "    [31mâœ•[39m practice:dates-and-times.bad-practice.moment ",
  ],
]
`;

exports[`displayPlan should show failing multiple practices on the same file correctly 1`] = `
Array [
  Array [
    "  * [1m[1m[31m[FIX_MANUAL][39m[1m package.json[22m",
  ],
  Array [
    "    [31mâœ•[39m practice:dates-and-times.bad-practice.moment ",
  ],
  Array [
    "    [31mâœ•[39m practice:prettier.best-practice ",
  ],
  Array [
    "      [2mexpect([22m[31mreceived[39m[2m).[22mtoMatchObject[2m([22m[32mexpected[39m[2m)[22m

      [32m- Expected  - 5[39m
      [31m+ Received  + 3[39m

      [2m  Object {[22m
      [32m-   \\"devDependencies\\": ObjectContaining {[39m
      [32m-     \\"prettier\\": StringMatching /^(([0-9][0-9]+|[3-9]).([0-9][0-9]+|[0-9]).([0-9][0-9]+|[0-9])|([0-9][0-9]+|[2-9]).([0-9][0-9]+|[1-9]).([0-9][0-9]+|[0-9])|([0-9][0-9]+|[2-9]).([0-9][0-9]+|[0-9]).([0-9][0-9]+|[0-9]))$/,[39m
      [32m-   },[39m
      [32m-   \\"scripts\\": ObjectContaining {[39m
      [32m-     \\"format\\": \\"prettier --write '**/*.ts' --config ./prettier.config.js\\",[39m
      [31m+   \\"dependencies\\": Object {[39m
      [31m+     \\"date-fns\\": \\"8.21.0\\",[39m
      [31m+     \\"moment\\": \\"5.21.0\\",[39m
      [2m    },[22m
      [2m  }[22m",
    "
",
  ],
]
`;

exports[`displayPlan should show manually fixable plans correctly 1`] = `
Array [
  Array [
    "  * [1m[1m[31m[FIX_MANUAL][39m[1m package.json[22m",
  ],
  Array [
    "    [31mâœ•[39m practice:dates-and-times.best-practice ",
  ],
  Array [
    "      [2mexpect([22m[31mreceived[39m[2m).[22mtoEqual[2m([22m[32mexpected[39m[2m) // deep equality[22m

      Expected: [32mObjectContaining {\\"dependencies\\": ObjectContaining {\\"date-fns\\": Any<String>}}[39m
      Received: [31m{\\"devDependencies\\": {\\"prettier\\": \\"8.21.0\\"}, \\"scripts\\": {\\"format\\": \\"prettier --write '**/*.ts' --config ./prettier.config.js\\"}}[39m",
    "
",
  ],
]
`;

exports[`displayPlan should show no change plans correctly 1`] = `
Array [
  "  * [1m[1m[90m[NO_CHANGE][39m[1m package.json[22m",
]
`;
