// Jest Snapshot v1, https://goo.gl/fbAQLP

exports[`compile should be able to correctly compile declarations, with '*' substitution 1`] = `
[
  "examples/typescript/.gitignore",
  "examples/typescript/.prettierignore",
  "examples/typescript/declapract.use.yml",
  "examples/typescript/package.json",
  "examples/typescript/prettier.config.js",
  "examples/typescript/src/domain/index.ts",
  "getVariables.ts",
  "practices/directory-structure-src/bad-practices/model-dir/.declapract.readme.md",
  "practices/directory-structure-src/bad-practices/model-dir/src/model/<star><star>/<star>.ts.declapract.ts",
  "practices/directory-structure-src/bad-practices/services-dir/src/services/<star><star>/<star>.ts.declapract.ts",
  "practices/directory-structure-src/best-practice/.declapract.readme.md",
  "practices/directory-structure-src/best-practice/src/contract/<star><star>/<star>.ts.declapract.ts",
  "practices/directory-structure-src/best-practice/src/data/clients/<star><star>/<star>.ts",
  "practices/directory-structure-src/best-practice/src/data/clients/<star><star>/<star>.ts.declapract.ts",
  "practices/directory-structure-src/best-practice/src/data/dao/<star><star>/<star>.ts.declapract.ts",
  "practices/directory-structure-src/best-practice/src/domain/constants.ts.declapract.ts",
  "practices/directory-structure-src/best-practice/src/domain/index.ts.declapract.ts",
  "practices/directory-structure-src/best-practice/src/domain/objects/index.ts.declapract.ts",
  "practices/directory-structure-src/best-practice/src/logic/<star><star>/<star>.ts.declapract.ts",
  "practices/prettier/best-practice/.prettierignore",
  "practices/prettier/best-practice/package.json",
  "practices/prettier/best-practice/package.json.declapract.ts",
  "practices/prettier/best-practice/prettier.config.js",
  "useCases.yml",
]
`;

exports[`compile should be able to correctly compile declarations, with '*' substitution 2`] = `
[
  [
    "üìù compiling 24 files...",
  ],
]
`;
